 -a --one --two 'MANDATORY' --three 'OPTIONAL' --
