$0: invalid option -- 'b'
Try `getopt --help' for more information.
