 --long1 --thirdlong 'ARGUMENT' --secondlong 'ARG' --abbriviation 'ABBRARG' -a -- 'EXTRA1'
