$0: invalid option -- 'b'
$0: unrecognized option '--whatever'
