 -a '$?!* ' --long1 '"\'\''' -- 'More
 than
one 
line'
